<?xml version="1.0" encoding="UTF-8"?>
<testsuites name="jest tests" tests="12" failures="6" errors="0" time="2.828">
  <testsuite name="Weather Dashboard" errors="0" failures="6" skipped="0" timestamp="2024-07-23T02:47:49" time="1.957" tests="12">
    <testcase classname="Weather Dashboard search input is cleared when clear button is clicked" name="Weather Dashboard search input is cleared when clear button is clicked" time="0.069">
    </testcase>
    <testcase classname="Weather Dashboard default temperature unit is &quot;Celsius&quot;" name="Weather Dashboard default temperature unit is &quot;Celsius&quot;" time="0.019">
    </testcase>
    <testcase classname="Weather Dashboard toggles temperature unit between Fahrenheit and Celsius" name="Weather Dashboard toggles temperature unit between Fahrenheit and Celsius" time="0.02">
    </testcase>
    <testcase classname="Weather Dashboard updates temperature values with 1 decimal place in search-results when Fahrenheit is selected" name="Weather Dashboard updates temperature values with 1 decimal place in search-results when Fahrenheit is selected" time="0.026">
      <failure>TestingLibraryElementError: Unable to find an element with the text: 53.6°F, which matches selector &apos;.search-results .weather-card td&apos;. This could be because the text is broken up by multiple elements. In this case, you can provide a function for your text matcher to make your matcher more flexible.

Ignored nodes: comments, script, style
&lt;body&gt;
  &lt;div&gt;
    &lt;div
      class=&quot;layout-column align-items-center justify-content-start weather-list&quot;
      data-testid=&quot;weather-list&quot;
    &gt;
      &lt;h3&gt;
        Dashboard
      &lt;/h3&gt;
      &lt;p
        class=&quot;city-details&quot;
      &gt;
        Search for Current Temperature in cities like: New York, London, Paris etc.
      &lt;/p&gt;
      &lt;div
        class=&quot;card w-300 pt-20 pb-5 mt-5&quot;
      &gt;
        &lt;section
          class=&quot;layout-row align-items-center justify-content-center mt-20 mr-20 ml-20&quot;
        &gt;
          &lt;input
            data-testid=&quot;search-input&quot;
            placeholder=&quot;Search city&quot;
            type=&quot;text&quot;
            value=&quot;London&quot;
          /&gt;
          &lt;button
            data-testid=&quot;clear-search-button&quot;
          &gt;
            Clear search
          &lt;/button&gt;
        &lt;/section&gt;
        &lt;table
          class=&quot;table search-results&quot;
        &gt;
          &lt;thead&gt;
            &lt;tr&gt;
              &lt;th&gt;
                City
              &lt;/th&gt;
              &lt;th&gt;
                Temperature
              &lt;/th&gt;
              &lt;th&gt;
                Description
              &lt;/th&gt;
              &lt;th&gt;
                Action
              &lt;/th&gt;
            &lt;/tr&gt;
          &lt;/thead&gt;
          &lt;tbody&gt;
            &lt;tr
              class=&quot;weather-card&quot;
              data-testid=&quot;weather-card-2&quot;
            &gt;
              &lt;td&gt;
                London
              &lt;/td&gt;
              &lt;td&gt;
                53.6
                 °
                F
              &lt;/td&gt;
              &lt;td&gt;
                Cloudy
              &lt;/td&gt;
              &lt;td&gt;
                &lt;button
                  data-testid=&quot;weather-card-action-2&quot;
                &gt;
                  Add to
                   favorites
                &lt;/button&gt;
              &lt;/td&gt;
            &lt;/tr&gt;
          &lt;/tbody&gt;
        &lt;/table&gt;
        &lt;section
          class=&quot;layout-row align-items-center justify-content-center mt-20 mr-20 ml-20&quot;
        &gt;
          &lt;button
            class=&quot;outlined&quot;
            data-testid=&quot;unit-change-button&quot;
          &gt;
            Switch to 
            Celsius
          &lt;/button&gt;
        &lt;/section&gt;
      &lt;/div&gt;
      &lt;h3&gt;
        Favorite Cities
      &lt;/h3&gt;
      &lt;div
        class=&quot;card w-300 pt-20 pb-5&quot;
      &gt;
        &lt;table
          class=&quot;table favorites&quot;
        &gt;
          &lt;thead /&gt;
          &lt;tbody /&gt;
        &lt;/table&gt;
      &lt;/div&gt;
    &lt;/div&gt;
  &lt;/div&gt;
&lt;/body&gt;
    at Object.getElementError (/Users/escala/Codes/hackerRank/96afa4f0-5eea-4b83-9582-a71725d181c8/node_modules/@testing-library/dom/dist/config.js:37:19)
    at /Users/escala/Codes/hackerRank/96afa4f0-5eea-4b83-9582-a71725d181c8/node_modules/@testing-library/dom/dist/query-helpers.js:76:38
    at /Users/escala/Codes/hackerRank/96afa4f0-5eea-4b83-9582-a71725d181c8/node_modules/@testing-library/dom/dist/query-helpers.js:52:17
    at getByText (/Users/escala/Codes/hackerRank/96afa4f0-5eea-4b83-9582-a71725d181c8/node_modules/@testing-library/dom/dist/query-helpers.js:95:19)
    at Object.&lt;anonymous&gt; (/Users/escala/Codes/hackerRank/96afa4f0-5eea-4b83-9582-a71725d181c8/src/App.test.tsx:46:29)
    at Promise.then.completed (/Users/escala/Codes/hackerRank/96afa4f0-5eea-4b83-9582-a71725d181c8/node_modules/react-scripts/node_modules/jest-circus/build/utils.js:391:28)
    at new Promise (&lt;anonymous&gt;)
    at callAsyncCircusFn (/Users/escala/Codes/hackerRank/96afa4f0-5eea-4b83-9582-a71725d181c8/node_modules/react-scripts/node_modules/jest-circus/build/utils.js:316:10)
    at _callCircusTest (/Users/escala/Codes/hackerRank/96afa4f0-5eea-4b83-9582-a71725d181c8/node_modules/react-scripts/node_modules/jest-circus/build/run.js:218:40)
    at processTicksAndRejections (internal/process/task_queues.js:95:5)
    at _runTest (/Users/escala/Codes/hackerRank/96afa4f0-5eea-4b83-9582-a71725d181c8/node_modules/react-scripts/node_modules/jest-circus/build/run.js:155:3)
    at _runTestsForDescribeBlock (/Users/escala/Codes/hackerRank/96afa4f0-5eea-4b83-9582-a71725d181c8/node_modules/react-scripts/node_modules/jest-circus/build/run.js:66:9)
    at _runTestsForDescribeBlock (/Users/escala/Codes/hackerRank/96afa4f0-5eea-4b83-9582-a71725d181c8/node_modules/react-scripts/node_modules/jest-circus/build/run.js:60:9)
    at run (/Users/escala/Codes/hackerRank/96afa4f0-5eea-4b83-9582-a71725d181c8/node_modules/react-scripts/node_modules/jest-circus/build/run.js:25:3)
    at runAndTransformResultsToJestFormat (/Users/escala/Codes/hackerRank/96afa4f0-5eea-4b83-9582-a71725d181c8/node_modules/react-scripts/node_modules/jest-circus/build/legacy-code-todo-rewrite/jestAdapterInit.js:170:21)
    at jestAdapter (/Users/escala/Codes/hackerRank/96afa4f0-5eea-4b83-9582-a71725d181c8/node_modules/react-scripts/node_modules/jest-circus/build/legacy-code-todo-rewrite/jestAdapter.js:82:19)
    at runTestInternal (/Users/escala/Codes/hackerRank/96afa4f0-5eea-4b83-9582-a71725d181c8/node_modules/react-scripts/node_modules/jest-runner/build/runTest.js:389:16)
    at runTest (/Users/escala/Codes/hackerRank/96afa4f0-5eea-4b83-9582-a71725d181c8/node_modules/react-scripts/node_modules/jest-runner/build/runTest.js:475:34)
    at TestRunner.runTests (/Users/escala/Codes/hackerRank/96afa4f0-5eea-4b83-9582-a71725d181c8/node_modules/react-scripts/node_modules/jest-runner/build/index.js:101:12)
    at TestScheduler.scheduleTests (/Users/escala/Codes/hackerRank/96afa4f0-5eea-4b83-9582-a71725d181c8/node_modules/react-scripts/node_modules/@jest/core/build/TestScheduler.js:333:13)
    at runJest (/Users/escala/Codes/hackerRank/96afa4f0-5eea-4b83-9582-a71725d181c8/node_modules/react-scripts/node_modules/@jest/core/build/runJest.js:404:19)
    at _run10000 (/Users/escala/Codes/hackerRank/96afa4f0-5eea-4b83-9582-a71725d181c8/node_modules/react-scripts/node_modules/@jest/core/build/cli/index.js:320:7)
    at runCLI (/Users/escala/Codes/hackerRank/96afa4f0-5eea-4b83-9582-a71725d181c8/node_modules/react-scripts/node_modules/@jest/core/build/cli/index.js:173:3)
    at Object.run (/Users/escala/Codes/hackerRank/96afa4f0-5eea-4b83-9582-a71725d181c8/node_modules/react-scripts/node_modules/jest-cli/build/cli/index.js:155:37)</failure>
    </testcase>
    <testcase classname="Weather Dashboard updates temperature values with 1 decimal place in search-results when Celsius is selected" name="Weather Dashboard updates temperature values with 1 decimal place in search-results when Celsius is selected" time="0.023">
      <failure>TestingLibraryElementError: Unable to find an element with the text: 12.0°C, which matches selector &apos;.search-results .weather-card td&apos;. This could be because the text is broken up by multiple elements. In this case, you can provide a function for your text matcher to make your matcher more flexible.

Ignored nodes: comments, script, style
&lt;body&gt;
  &lt;div&gt;
    &lt;div
      class=&quot;layout-column align-items-center justify-content-start weather-list&quot;
      data-testid=&quot;weather-list&quot;
    &gt;
      &lt;h3&gt;
        Dashboard
      &lt;/h3&gt;
      &lt;p
        class=&quot;city-details&quot;
      &gt;
        Search for Current Temperature in cities like: New York, London, Paris etc.
      &lt;/p&gt;
      &lt;div
        class=&quot;card w-300 pt-20 pb-5 mt-5&quot;
      &gt;
        &lt;section
          class=&quot;layout-row align-items-center justify-content-center mt-20 mr-20 ml-20&quot;
        &gt;
          &lt;input
            data-testid=&quot;search-input&quot;
            placeholder=&quot;Search city&quot;
            type=&quot;text&quot;
            value=&quot;London&quot;
          /&gt;
          &lt;button
            data-testid=&quot;clear-search-button&quot;
          &gt;
            Clear search
          &lt;/button&gt;
        &lt;/section&gt;
        &lt;table
          class=&quot;table search-results&quot;
        &gt;
          &lt;thead&gt;
            &lt;tr&gt;
              &lt;th&gt;
                City
              &lt;/th&gt;
              &lt;th&gt;
                Temperature
              &lt;/th&gt;
              &lt;th&gt;
                Description
              &lt;/th&gt;
              &lt;th&gt;
                Action
              &lt;/th&gt;
            &lt;/tr&gt;
          &lt;/thead&gt;
          &lt;tbody&gt;
            &lt;tr
              class=&quot;weather-card&quot;
              data-testid=&quot;weather-card-2&quot;
            &gt;
              &lt;td&gt;
                London
              &lt;/td&gt;
              &lt;td&gt;
                12
                 °
                C
              &lt;/td&gt;
              &lt;td&gt;
                Cloudy
              &lt;/td&gt;
              &lt;td&gt;
                &lt;button
                  data-testid=&quot;weather-card-action-2&quot;
                &gt;
                  Add to
                   favorites
                &lt;/button&gt;
              &lt;/td&gt;
            &lt;/tr&gt;
          &lt;/tbody&gt;
        &lt;/table&gt;
        &lt;section
          class=&quot;layout-row align-items-center justify-content-center mt-20 mr-20 ml-20&quot;
        &gt;
          &lt;button
            class=&quot;outlined&quot;
            data-testid=&quot;unit-change-button&quot;
          &gt;
            Switch to 
            Fahrenheit
          &lt;/button&gt;
        &lt;/section&gt;
      &lt;/div&gt;
      &lt;h3&gt;
        Favorite Cities
      &lt;/h3&gt;
      &lt;div
        class=&quot;card w-300 pt-20 pb-5&quot;
      &gt;
        &lt;table
          class=&quot;table favorites&quot;
        &gt;
          &lt;thead /&gt;
          &lt;tbody /&gt;
        &lt;/table&gt;
      &lt;/div&gt;
    &lt;/div&gt;
  &lt;/div&gt;
&lt;/body&gt;
    at Object.getElementError (/Users/escala/Codes/hackerRank/96afa4f0-5eea-4b83-9582-a71725d181c8/node_modules/@testing-library/dom/dist/config.js:37:19)
    at /Users/escala/Codes/hackerRank/96afa4f0-5eea-4b83-9582-a71725d181c8/node_modules/@testing-library/dom/dist/query-helpers.js:76:38
    at /Users/escala/Codes/hackerRank/96afa4f0-5eea-4b83-9582-a71725d181c8/node_modules/@testing-library/dom/dist/query-helpers.js:52:17
    at getByText (/Users/escala/Codes/hackerRank/96afa4f0-5eea-4b83-9582-a71725d181c8/node_modules/@testing-library/dom/dist/query-helpers.js:95:19)
    at Object.&lt;anonymous&gt; (/Users/escala/Codes/hackerRank/96afa4f0-5eea-4b83-9582-a71725d181c8/src/App.test.tsx:59:29)
    at Promise.then.completed (/Users/escala/Codes/hackerRank/96afa4f0-5eea-4b83-9582-a71725d181c8/node_modules/react-scripts/node_modules/jest-circus/build/utils.js:391:28)
    at new Promise (&lt;anonymous&gt;)
    at callAsyncCircusFn (/Users/escala/Codes/hackerRank/96afa4f0-5eea-4b83-9582-a71725d181c8/node_modules/react-scripts/node_modules/jest-circus/build/utils.js:316:10)
    at _callCircusTest (/Users/escala/Codes/hackerRank/96afa4f0-5eea-4b83-9582-a71725d181c8/node_modules/react-scripts/node_modules/jest-circus/build/run.js:218:40)
    at processTicksAndRejections (internal/process/task_queues.js:95:5)
    at _runTest (/Users/escala/Codes/hackerRank/96afa4f0-5eea-4b83-9582-a71725d181c8/node_modules/react-scripts/node_modules/jest-circus/build/run.js:155:3)
    at _runTestsForDescribeBlock (/Users/escala/Codes/hackerRank/96afa4f0-5eea-4b83-9582-a71725d181c8/node_modules/react-scripts/node_modules/jest-circus/build/run.js:66:9)
    at _runTestsForDescribeBlock (/Users/escala/Codes/hackerRank/96afa4f0-5eea-4b83-9582-a71725d181c8/node_modules/react-scripts/node_modules/jest-circus/build/run.js:60:9)
    at run (/Users/escala/Codes/hackerRank/96afa4f0-5eea-4b83-9582-a71725d181c8/node_modules/react-scripts/node_modules/jest-circus/build/run.js:25:3)
    at runAndTransformResultsToJestFormat (/Users/escala/Codes/hackerRank/96afa4f0-5eea-4b83-9582-a71725d181c8/node_modules/react-scripts/node_modules/jest-circus/build/legacy-code-todo-rewrite/jestAdapterInit.js:170:21)
    at jestAdapter (/Users/escala/Codes/hackerRank/96afa4f0-5eea-4b83-9582-a71725d181c8/node_modules/react-scripts/node_modules/jest-circus/build/legacy-code-todo-rewrite/jestAdapter.js:82:19)
    at runTestInternal (/Users/escala/Codes/hackerRank/96afa4f0-5eea-4b83-9582-a71725d181c8/node_modules/react-scripts/node_modules/jest-runner/build/runTest.js:389:16)
    at runTest (/Users/escala/Codes/hackerRank/96afa4f0-5eea-4b83-9582-a71725d181c8/node_modules/react-scripts/node_modules/jest-runner/build/runTest.js:475:34)
    at TestRunner.runTests (/Users/escala/Codes/hackerRank/96afa4f0-5eea-4b83-9582-a71725d181c8/node_modules/react-scripts/node_modules/jest-runner/build/index.js:101:12)
    at TestScheduler.scheduleTests (/Users/escala/Codes/hackerRank/96afa4f0-5eea-4b83-9582-a71725d181c8/node_modules/react-scripts/node_modules/@jest/core/build/TestScheduler.js:333:13)
    at runJest (/Users/escala/Codes/hackerRank/96afa4f0-5eea-4b83-9582-a71725d181c8/node_modules/react-scripts/node_modules/@jest/core/build/runJest.js:404:19)
    at _run10000 (/Users/escala/Codes/hackerRank/96afa4f0-5eea-4b83-9582-a71725d181c8/node_modules/react-scripts/node_modules/@jest/core/build/cli/index.js:320:7)
    at runCLI (/Users/escala/Codes/hackerRank/96afa4f0-5eea-4b83-9582-a71725d181c8/node_modules/react-scripts/node_modules/@jest/core/build/cli/index.js:173:3)
    at Object.run (/Users/escala/Codes/hackerRank/96afa4f0-5eea-4b83-9582-a71725d181c8/node_modules/react-scripts/node_modules/jest-cli/build/cli/index.js:155:37)</failure>
    </testcase>
    <testcase classname="Weather Dashboard updates temperature values with 1 decimal place in favorites when Fahrenheit is selected" name="Weather Dashboard updates temperature values with 1 decimal place in favorites when Fahrenheit is selected" time="0.026">
      <failure>TestingLibraryElementError: Unable to find an element with the text: 53.6°F, which matches selector &apos;.favorites .weather-card td&apos;. This could be because the text is broken up by multiple elements. In this case, you can provide a function for your text matcher to make your matcher more flexible.

Ignored nodes: comments, script, style
&lt;body&gt;
  &lt;div&gt;
    &lt;div
      class=&quot;layout-column align-items-center justify-content-start weather-list&quot;
      data-testid=&quot;weather-list&quot;
    &gt;
      &lt;h3&gt;
        Dashboard
      &lt;/h3&gt;
      &lt;p
        class=&quot;city-details&quot;
      &gt;
        Search for Current Temperature in cities like: New York, London, Paris etc.
      &lt;/p&gt;
      &lt;div
        class=&quot;card w-300 pt-20 pb-5 mt-5&quot;
      &gt;
        &lt;section
          class=&quot;layout-row align-items-center justify-content-center mt-20 mr-20 ml-20&quot;
        &gt;
          &lt;input
            data-testid=&quot;search-input&quot;
            placeholder=&quot;Search city&quot;
            type=&quot;text&quot;
            value=&quot;London&quot;
          /&gt;
          &lt;button
            data-testid=&quot;clear-search-button&quot;
          &gt;
            Clear search
          &lt;/button&gt;
        &lt;/section&gt;
        &lt;table
          class=&quot;table search-results&quot;
        &gt;
          &lt;thead&gt;
            &lt;tr&gt;
              &lt;th&gt;
                City
              &lt;/th&gt;
              &lt;th&gt;
                Temperature
              &lt;/th&gt;
              &lt;th&gt;
                Description
              &lt;/th&gt;
              &lt;th&gt;
                Action
              &lt;/th&gt;
            &lt;/tr&gt;
          &lt;/thead&gt;
          &lt;tbody&gt;
            &lt;tr
              class=&quot;weather-card&quot;
              data-testid=&quot;weather-card-2&quot;
            &gt;
              &lt;td&gt;
                London
              &lt;/td&gt;
              &lt;td&gt;
                53.6
                 °
                F
              &lt;/td&gt;
              &lt;td&gt;
                Cloudy
              &lt;/td&gt;
              &lt;td&gt;
                &lt;button
                  data-testid=&quot;weather-card-action-2&quot;
                &gt;
                  Add to
                   favorites
                &lt;/button&gt;
              &lt;/td&gt;
            &lt;/tr&gt;
          &lt;/tbody&gt;
        &lt;/table&gt;
        &lt;section
          class=&quot;layout-row align-items-center justify-content-center mt-20 mr-20 ml-20&quot;
        &gt;
          &lt;button
            class=&quot;outlined&quot;
            data-testid=&quot;unit-change-button&quot;
          &gt;
            Switch to 
            Celsius
          &lt;/button&gt;
        &lt;/section&gt;
      &lt;/div&gt;
      &lt;h3&gt;
        Favorite Cities
      &lt;/h3&gt;
      &lt;div
        class=&quot;card w-300 pt-20 pb-5&quot;
      &gt;
        &lt;table
          class=&quot;table favorites&quot;
        &gt;
          &lt;thead&gt;
            &lt;tr
              class=&quot;weather-card&quot;
              data-testid=&quot;weather-card-2&quot;
            &gt;
              &lt;td&gt;
                London
              &lt;/td&gt;
              &lt;td&gt;
                53.6
                 °
                F
              &lt;/td&gt;
              &lt;td&gt;
                Cloudy
              &lt;/td&gt;
              &lt;td&gt;
                &lt;button
                  data-testid=&quot;weather-card-action-2&quot;
                &gt;
                  Remove from
                   favorites
                &lt;/button&gt;
              &lt;/td&gt;
            &lt;/tr&gt;
          &lt;/thead&gt;
          &lt;tbody /&gt;
        &lt;/table&gt;
      &lt;/div&gt;
    &lt;/div&gt;
  &lt;/div&gt;
&lt;/body&gt;
    at Object.getElementError (/Users/escala/Codes/hackerRank/96afa4f0-5eea-4b83-9582-a71725d181c8/node_modules/@testing-library/dom/dist/config.js:37:19)
    at /Users/escala/Codes/hackerRank/96afa4f0-5eea-4b83-9582-a71725d181c8/node_modules/@testing-library/dom/dist/query-helpers.js:76:38
    at /Users/escala/Codes/hackerRank/96afa4f0-5eea-4b83-9582-a71725d181c8/node_modules/@testing-library/dom/dist/query-helpers.js:52:17
    at getByText (/Users/escala/Codes/hackerRank/96afa4f0-5eea-4b83-9582-a71725d181c8/node_modules/@testing-library/dom/dist/query-helpers.js:95:19)
    at Object.&lt;anonymous&gt; (/Users/escala/Codes/hackerRank/96afa4f0-5eea-4b83-9582-a71725d181c8/src/App.test.tsx:75:29)
    at Promise.then.completed (/Users/escala/Codes/hackerRank/96afa4f0-5eea-4b83-9582-a71725d181c8/node_modules/react-scripts/node_modules/jest-circus/build/utils.js:391:28)
    at new Promise (&lt;anonymous&gt;)
    at callAsyncCircusFn (/Users/escala/Codes/hackerRank/96afa4f0-5eea-4b83-9582-a71725d181c8/node_modules/react-scripts/node_modules/jest-circus/build/utils.js:316:10)
    at _callCircusTest (/Users/escala/Codes/hackerRank/96afa4f0-5eea-4b83-9582-a71725d181c8/node_modules/react-scripts/node_modules/jest-circus/build/run.js:218:40)
    at processTicksAndRejections (internal/process/task_queues.js:95:5)
    at _runTest (/Users/escala/Codes/hackerRank/96afa4f0-5eea-4b83-9582-a71725d181c8/node_modules/react-scripts/node_modules/jest-circus/build/run.js:155:3)
    at _runTestsForDescribeBlock (/Users/escala/Codes/hackerRank/96afa4f0-5eea-4b83-9582-a71725d181c8/node_modules/react-scripts/node_modules/jest-circus/build/run.js:66:9)
    at _runTestsForDescribeBlock (/Users/escala/Codes/hackerRank/96afa4f0-5eea-4b83-9582-a71725d181c8/node_modules/react-scripts/node_modules/jest-circus/build/run.js:60:9)
    at run (/Users/escala/Codes/hackerRank/96afa4f0-5eea-4b83-9582-a71725d181c8/node_modules/react-scripts/node_modules/jest-circus/build/run.js:25:3)
    at runAndTransformResultsToJestFormat (/Users/escala/Codes/hackerRank/96afa4f0-5eea-4b83-9582-a71725d181c8/node_modules/react-scripts/node_modules/jest-circus/build/legacy-code-todo-rewrite/jestAdapterInit.js:170:21)
    at jestAdapter (/Users/escala/Codes/hackerRank/96afa4f0-5eea-4b83-9582-a71725d181c8/node_modules/react-scripts/node_modules/jest-circus/build/legacy-code-todo-rewrite/jestAdapter.js:82:19)
    at runTestInternal (/Users/escala/Codes/hackerRank/96afa4f0-5eea-4b83-9582-a71725d181c8/node_modules/react-scripts/node_modules/jest-runner/build/runTest.js:389:16)
    at runTest (/Users/escala/Codes/hackerRank/96afa4f0-5eea-4b83-9582-a71725d181c8/node_modules/react-scripts/node_modules/jest-runner/build/runTest.js:475:34)
    at TestRunner.runTests (/Users/escala/Codes/hackerRank/96afa4f0-5eea-4b83-9582-a71725d181c8/node_modules/react-scripts/node_modules/jest-runner/build/index.js:101:12)
    at TestScheduler.scheduleTests (/Users/escala/Codes/hackerRank/96afa4f0-5eea-4b83-9582-a71725d181c8/node_modules/react-scripts/node_modules/@jest/core/build/TestScheduler.js:333:13)
    at runJest (/Users/escala/Codes/hackerRank/96afa4f0-5eea-4b83-9582-a71725d181c8/node_modules/react-scripts/node_modules/@jest/core/build/runJest.js:404:19)
    at _run10000 (/Users/escala/Codes/hackerRank/96afa4f0-5eea-4b83-9582-a71725d181c8/node_modules/react-scripts/node_modules/@jest/core/build/cli/index.js:320:7)
    at runCLI (/Users/escala/Codes/hackerRank/96afa4f0-5eea-4b83-9582-a71725d181c8/node_modules/react-scripts/node_modules/@jest/core/build/cli/index.js:173:3)
    at Object.run (/Users/escala/Codes/hackerRank/96afa4f0-5eea-4b83-9582-a71725d181c8/node_modules/react-scripts/node_modules/jest-cli/build/cli/index.js:155:37)</failure>
    </testcase>
    <testcase classname="Weather Dashboard updates temperature values with 1 decimal place in favorites when Celsius is selected" name="Weather Dashboard updates temperature values with 1 decimal place in favorites when Celsius is selected" time="0.026">
      <failure>TestingLibraryElementError: Unable to find an element with the text: 12.0°C, which matches selector &apos;.favorites .weather-card td&apos;. This could be because the text is broken up by multiple elements. In this case, you can provide a function for your text matcher to make your matcher more flexible.

Ignored nodes: comments, script, style
&lt;body&gt;
  &lt;div&gt;
    &lt;div
      class=&quot;layout-column align-items-center justify-content-start weather-list&quot;
      data-testid=&quot;weather-list&quot;
    &gt;
      &lt;h3&gt;
        Dashboard
      &lt;/h3&gt;
      &lt;p
        class=&quot;city-details&quot;
      &gt;
        Search for Current Temperature in cities like: New York, London, Paris etc.
      &lt;/p&gt;
      &lt;div
        class=&quot;card w-300 pt-20 pb-5 mt-5&quot;
      &gt;
        &lt;section
          class=&quot;layout-row align-items-center justify-content-center mt-20 mr-20 ml-20&quot;
        &gt;
          &lt;input
            data-testid=&quot;search-input&quot;
            placeholder=&quot;Search city&quot;
            type=&quot;text&quot;
            value=&quot;London&quot;
          /&gt;
          &lt;button
            data-testid=&quot;clear-search-button&quot;
          &gt;
            Clear search
          &lt;/button&gt;
        &lt;/section&gt;
        &lt;table
          class=&quot;table search-results&quot;
        &gt;
          &lt;thead&gt;
            &lt;tr&gt;
              &lt;th&gt;
                City
              &lt;/th&gt;
              &lt;th&gt;
                Temperature
              &lt;/th&gt;
              &lt;th&gt;
                Description
              &lt;/th&gt;
              &lt;th&gt;
                Action
              &lt;/th&gt;
            &lt;/tr&gt;
          &lt;/thead&gt;
          &lt;tbody&gt;
            &lt;tr
              class=&quot;weather-card&quot;
              data-testid=&quot;weather-card-2&quot;
            &gt;
              &lt;td&gt;
                London
              &lt;/td&gt;
              &lt;td&gt;
                12
                 °
                C
              &lt;/td&gt;
              &lt;td&gt;
                Cloudy
              &lt;/td&gt;
              &lt;td&gt;
                &lt;button
                  data-testid=&quot;weather-card-action-2&quot;
                &gt;
                  Add to
                   favorites
                &lt;/button&gt;
              &lt;/td&gt;
            &lt;/tr&gt;
          &lt;/tbody&gt;
        &lt;/table&gt;
        &lt;section
          class=&quot;layout-row align-items-center justify-content-center mt-20 mr-20 ml-20&quot;
        &gt;
          &lt;button
            class=&quot;outlined&quot;
            data-testid=&quot;unit-change-button&quot;
          &gt;
            Switch to 
            Fahrenheit
          &lt;/button&gt;
        &lt;/section&gt;
      &lt;/div&gt;
      &lt;h3&gt;
        Favorite Cities
      &lt;/h3&gt;
      &lt;div
        class=&quot;card w-300 pt-20 pb-5&quot;
      &gt;
        &lt;table
          class=&quot;table favorites&quot;
        &gt;
          &lt;thead&gt;
            &lt;tr
              class=&quot;weather-card&quot;
              data-testid=&quot;weather-card-2&quot;
            &gt;
              &lt;td&gt;
                London
              &lt;/td&gt;
              &lt;td&gt;
                12
                 °
                C
              &lt;/td&gt;
              &lt;td&gt;
                Cloudy
              &lt;/td&gt;
              &lt;td&gt;
                &lt;button
                  data-testid=&quot;weather-card-action-2&quot;
                &gt;
                  Remove from
                   favorites
                &lt;/button&gt;
              &lt;/td&gt;
            &lt;/tr&gt;
          &lt;/thead&gt;
          &lt;tbody /&gt;
        &lt;/table&gt;
      &lt;/div&gt;
    &lt;/div&gt;
  &lt;/div&gt;
&lt;/body&gt;
    at Object.getElementError (/Users/escala/Codes/hackerRank/96afa4f0-5eea-4b83-9582-a71725d181c8/node_modules/@testing-library/dom/dist/config.js:37:19)
    at /Users/escala/Codes/hackerRank/96afa4f0-5eea-4b83-9582-a71725d181c8/node_modules/@testing-library/dom/dist/query-helpers.js:76:38
    at /Users/escala/Codes/hackerRank/96afa4f0-5eea-4b83-9582-a71725d181c8/node_modules/@testing-library/dom/dist/query-helpers.js:52:17
    at getByText (/Users/escala/Codes/hackerRank/96afa4f0-5eea-4b83-9582-a71725d181c8/node_modules/@testing-library/dom/dist/query-helpers.js:95:19)
    at Object.&lt;anonymous&gt; (/Users/escala/Codes/hackerRank/96afa4f0-5eea-4b83-9582-a71725d181c8/src/App.test.tsx:91:29)
    at Promise.then.completed (/Users/escala/Codes/hackerRank/96afa4f0-5eea-4b83-9582-a71725d181c8/node_modules/react-scripts/node_modules/jest-circus/build/utils.js:391:28)
    at new Promise (&lt;anonymous&gt;)
    at callAsyncCircusFn (/Users/escala/Codes/hackerRank/96afa4f0-5eea-4b83-9582-a71725d181c8/node_modules/react-scripts/node_modules/jest-circus/build/utils.js:316:10)
    at _callCircusTest (/Users/escala/Codes/hackerRank/96afa4f0-5eea-4b83-9582-a71725d181c8/node_modules/react-scripts/node_modules/jest-circus/build/run.js:218:40)
    at processTicksAndRejections (internal/process/task_queues.js:95:5)
    at _runTest (/Users/escala/Codes/hackerRank/96afa4f0-5eea-4b83-9582-a71725d181c8/node_modules/react-scripts/node_modules/jest-circus/build/run.js:155:3)
    at _runTestsForDescribeBlock (/Users/escala/Codes/hackerRank/96afa4f0-5eea-4b83-9582-a71725d181c8/node_modules/react-scripts/node_modules/jest-circus/build/run.js:66:9)
    at _runTestsForDescribeBlock (/Users/escala/Codes/hackerRank/96afa4f0-5eea-4b83-9582-a71725d181c8/node_modules/react-scripts/node_modules/jest-circus/build/run.js:60:9)
    at run (/Users/escala/Codes/hackerRank/96afa4f0-5eea-4b83-9582-a71725d181c8/node_modules/react-scripts/node_modules/jest-circus/build/run.js:25:3)
    at runAndTransformResultsToJestFormat (/Users/escala/Codes/hackerRank/96afa4f0-5eea-4b83-9582-a71725d181c8/node_modules/react-scripts/node_modules/jest-circus/build/legacy-code-todo-rewrite/jestAdapterInit.js:170:21)
    at jestAdapter (/Users/escala/Codes/hackerRank/96afa4f0-5eea-4b83-9582-a71725d181c8/node_modules/react-scripts/node_modules/jest-circus/build/legacy-code-todo-rewrite/jestAdapter.js:82:19)
    at runTestInternal (/Users/escala/Codes/hackerRank/96afa4f0-5eea-4b83-9582-a71725d181c8/node_modules/react-scripts/node_modules/jest-runner/build/runTest.js:389:16)
    at runTest (/Users/escala/Codes/hackerRank/96afa4f0-5eea-4b83-9582-a71725d181c8/node_modules/react-scripts/node_modules/jest-runner/build/runTest.js:475:34)
    at TestRunner.runTests (/Users/escala/Codes/hackerRank/96afa4f0-5eea-4b83-9582-a71725d181c8/node_modules/react-scripts/node_modules/jest-runner/build/index.js:101:12)
    at TestScheduler.scheduleTests (/Users/escala/Codes/hackerRank/96afa4f0-5eea-4b83-9582-a71725d181c8/node_modules/react-scripts/node_modules/@jest/core/build/TestScheduler.js:333:13)
    at runJest (/Users/escala/Codes/hackerRank/96afa4f0-5eea-4b83-9582-a71725d181c8/node_modules/react-scripts/node_modules/@jest/core/build/runJest.js:404:19)
    at _run10000 (/Users/escala/Codes/hackerRank/96afa4f0-5eea-4b83-9582-a71725d181c8/node_modules/react-scripts/node_modules/@jest/core/build/cli/index.js:320:7)
    at runCLI (/Users/escala/Codes/hackerRank/96afa4f0-5eea-4b83-9582-a71725d181c8/node_modules/react-scripts/node_modules/@jest/core/build/cli/index.js:173:3)
    at Object.run (/Users/escala/Codes/hackerRank/96afa4f0-5eea-4b83-9582-a71725d181c8/node_modules/react-scripts/node_modules/jest-cli/build/cli/index.js:155:37)</failure>
    </testcase>
    <testcase classname="Weather Dashboard displays city weather information when searched" name="Weather Dashboard displays city weather information when searched" time="0.016">
    </testcase>
    <testcase classname="Weather Dashboard adds city to favorite when &quot;Add to favorites&quot; is clicked" name="Weather Dashboard adds city to favorite when &quot;Add to favorites&quot; is clicked" time="0.016">
    </testcase>
    <testcase classname="Weather Dashboard removes city from favorite when &quot;Remove from favorites&quot; is clicked from favorites table" name="Weather Dashboard removes city from favorite when &quot;Remove from favorites&quot; is clicked from favorites table" time="0.02">
    </testcase>
    <testcase classname="Weather Dashboard removes city from favorite when &quot;Remove from favorites&quot; is clicked from search table" name="Weather Dashboard removes city from favorite when &quot;Remove from favorites&quot; is clicked from search table" time="0.02">
      <failure>Error: Unable to fire a &quot;click&quot; event - please provide a DOM element.
    at createEvent (/Users/escala/Codes/hackerRank/96afa4f0-5eea-4b83-9582-a71725d181c8/node_modules/@testing-library/dom/dist/events.js:27:11)
    at Function.createEvent.&lt;computed&gt; [as click] (/Users/escala/Codes/hackerRank/96afa4f0-5eea-4b83-9582-a71725d181c8/node_modules/@testing-library/dom/dist/events.js:106:38)
    at Function.fireEvent.&lt;computed&gt; [as click] (/Users/escala/Codes/hackerRank/96afa4f0-5eea-4b83-9582-a71725d181c8/node_modules/@testing-library/dom/dist/events.js:110:68)
    at Function.click (/Users/escala/Codes/hackerRank/96afa4f0-5eea-4b83-9582-a71725d181c8/node_modules/@testing-library/react/dist/fire-event.js:15:52)
    at Object.&lt;anonymous&gt; (/Users/escala/Codes/hackerRank/96afa4f0-5eea-4b83-9582-a71725d181c8/src/App.test.tsx:137:15)
    at Promise.then.completed (/Users/escala/Codes/hackerRank/96afa4f0-5eea-4b83-9582-a71725d181c8/node_modules/react-scripts/node_modules/jest-circus/build/utils.js:391:28)
    at new Promise (&lt;anonymous&gt;)
    at callAsyncCircusFn (/Users/escala/Codes/hackerRank/96afa4f0-5eea-4b83-9582-a71725d181c8/node_modules/react-scripts/node_modules/jest-circus/build/utils.js:316:10)
    at _callCircusTest (/Users/escala/Codes/hackerRank/96afa4f0-5eea-4b83-9582-a71725d181c8/node_modules/react-scripts/node_modules/jest-circus/build/run.js:218:40)
    at processTicksAndRejections (internal/process/task_queues.js:95:5)
    at _runTest (/Users/escala/Codes/hackerRank/96afa4f0-5eea-4b83-9582-a71725d181c8/node_modules/react-scripts/node_modules/jest-circus/build/run.js:155:3)
    at _runTestsForDescribeBlock (/Users/escala/Codes/hackerRank/96afa4f0-5eea-4b83-9582-a71725d181c8/node_modules/react-scripts/node_modules/jest-circus/build/run.js:66:9)
    at _runTestsForDescribeBlock (/Users/escala/Codes/hackerRank/96afa4f0-5eea-4b83-9582-a71725d181c8/node_modules/react-scripts/node_modules/jest-circus/build/run.js:60:9)
    at run (/Users/escala/Codes/hackerRank/96afa4f0-5eea-4b83-9582-a71725d181c8/node_modules/react-scripts/node_modules/jest-circus/build/run.js:25:3)
    at runAndTransformResultsToJestFormat (/Users/escala/Codes/hackerRank/96afa4f0-5eea-4b83-9582-a71725d181c8/node_modules/react-scripts/node_modules/jest-circus/build/legacy-code-todo-rewrite/jestAdapterInit.js:170:21)
    at jestAdapter (/Users/escala/Codes/hackerRank/96afa4f0-5eea-4b83-9582-a71725d181c8/node_modules/react-scripts/node_modules/jest-circus/build/legacy-code-todo-rewrite/jestAdapter.js:82:19)
    at runTestInternal (/Users/escala/Codes/hackerRank/96afa4f0-5eea-4b83-9582-a71725d181c8/node_modules/react-scripts/node_modules/jest-runner/build/runTest.js:389:16)
    at runTest (/Users/escala/Codes/hackerRank/96afa4f0-5eea-4b83-9582-a71725d181c8/node_modules/react-scripts/node_modules/jest-runner/build/runTest.js:475:34)
    at TestRunner.runTests (/Users/escala/Codes/hackerRank/96afa4f0-5eea-4b83-9582-a71725d181c8/node_modules/react-scripts/node_modules/jest-runner/build/index.js:101:12)
    at TestScheduler.scheduleTests (/Users/escala/Codes/hackerRank/96afa4f0-5eea-4b83-9582-a71725d181c8/node_modules/react-scripts/node_modules/@jest/core/build/TestScheduler.js:333:13)
    at runJest (/Users/escala/Codes/hackerRank/96afa4f0-5eea-4b83-9582-a71725d181c8/node_modules/react-scripts/node_modules/@jest/core/build/runJest.js:404:19)
    at _run10000 (/Users/escala/Codes/hackerRank/96afa4f0-5eea-4b83-9582-a71725d181c8/node_modules/react-scripts/node_modules/@jest/core/build/cli/index.js:320:7)
    at runCLI (/Users/escala/Codes/hackerRank/96afa4f0-5eea-4b83-9582-a71725d181c8/node_modules/react-scripts/node_modules/@jest/core/build/cli/index.js:173:3)
    at Object.run (/Users/escala/Codes/hackerRank/96afa4f0-5eea-4b83-9582-a71725d181c8/node_modules/react-scripts/node_modules/jest-cli/build/cli/index.js:155:37)</failure>
    </testcase>
    <testcase classname="Weather Dashboard changes temperature unit when unit change button is clicked" name="Weather Dashboard changes temperature unit when unit change button is clicked" time="0.02">
      <failure>TestingLibraryElementError: Unable to find an element with the text: 53.6°F. This could be because the text is broken up by multiple elements. In this case, you can provide a function for your text matcher to make your matcher more flexible.

Ignored nodes: comments, script, style
&lt;body&gt;
  &lt;div&gt;
    &lt;div
      class=&quot;layout-column align-items-center justify-content-start weather-list&quot;
      data-testid=&quot;weather-list&quot;
    &gt;
      &lt;h3&gt;
        Dashboard
      &lt;/h3&gt;
      &lt;p
        class=&quot;city-details&quot;
      &gt;
        Search for Current Temperature in cities like: New York, London, Paris etc.
      &lt;/p&gt;
      &lt;div
        class=&quot;card w-300 pt-20 pb-5 mt-5&quot;
      &gt;
        &lt;section
          class=&quot;layout-row align-items-center justify-content-center mt-20 mr-20 ml-20&quot;
        &gt;
          &lt;input
            data-testid=&quot;search-input&quot;
            placeholder=&quot;Search city&quot;
            type=&quot;text&quot;
            value=&quot;London&quot;
          /&gt;
          &lt;button
            data-testid=&quot;clear-search-button&quot;
          &gt;
            Clear search
          &lt;/button&gt;
        &lt;/section&gt;
        &lt;table
          class=&quot;table search-results&quot;
        &gt;
          &lt;thead&gt;
            &lt;tr&gt;
              &lt;th&gt;
                City
              &lt;/th&gt;
              &lt;th&gt;
                Temperature
              &lt;/th&gt;
              &lt;th&gt;
                Description
              &lt;/th&gt;
              &lt;th&gt;
                Action
              &lt;/th&gt;
            &lt;/tr&gt;
          &lt;/thead&gt;
          &lt;tbody&gt;
            &lt;tr
              class=&quot;weather-card&quot;
              data-testid=&quot;weather-card-2&quot;
            &gt;
              &lt;td&gt;
                London
              &lt;/td&gt;
              &lt;td&gt;
                53.6
                 °
                F
              &lt;/td&gt;
              &lt;td&gt;
                Cloudy
              &lt;/td&gt;
              &lt;td&gt;
                &lt;button
                  data-testid=&quot;weather-card-action-2&quot;
                &gt;
                  Add to
                   favorites
                &lt;/button&gt;
              &lt;/td&gt;
            &lt;/tr&gt;
          &lt;/tbody&gt;
        &lt;/table&gt;
        &lt;section
          class=&quot;layout-row align-items-center justify-content-center mt-20 mr-20 ml-20&quot;
        &gt;
          &lt;button
            class=&quot;outlined&quot;
            data-testid=&quot;unit-change-button&quot;
          &gt;
            Switch to 
            Celsius
          &lt;/button&gt;
        &lt;/section&gt;
      &lt;/div&gt;
      &lt;h3&gt;
        Favorite Cities
      &lt;/h3&gt;
      &lt;div
        class=&quot;card w-300 pt-20 pb-5&quot;
      &gt;
        &lt;table
          class=&quot;table favorites&quot;
        &gt;
          &lt;thead /&gt;
          &lt;tbody /&gt;
        &lt;/table&gt;
      &lt;/div&gt;
    &lt;/div&gt;
  &lt;/div&gt;
&lt;/body&gt;
    at Object.getElementError (/Users/escala/Codes/hackerRank/96afa4f0-5eea-4b83-9582-a71725d181c8/node_modules/@testing-library/dom/dist/config.js:37:19)
    at /Users/escala/Codes/hackerRank/96afa4f0-5eea-4b83-9582-a71725d181c8/node_modules/@testing-library/dom/dist/query-helpers.js:76:38
    at /Users/escala/Codes/hackerRank/96afa4f0-5eea-4b83-9582-a71725d181c8/node_modules/@testing-library/dom/dist/query-helpers.js:52:17
    at getByText (/Users/escala/Codes/hackerRank/96afa4f0-5eea-4b83-9582-a71725d181c8/node_modules/@testing-library/dom/dist/query-helpers.js:95:19)
    at Object.&lt;anonymous&gt; (/Users/escala/Codes/hackerRank/96afa4f0-5eea-4b83-9582-a71725d181c8/src/App.test.tsx:152:29)
    at Promise.then.completed (/Users/escala/Codes/hackerRank/96afa4f0-5eea-4b83-9582-a71725d181c8/node_modules/react-scripts/node_modules/jest-circus/build/utils.js:391:28)
    at new Promise (&lt;anonymous&gt;)
    at callAsyncCircusFn (/Users/escala/Codes/hackerRank/96afa4f0-5eea-4b83-9582-a71725d181c8/node_modules/react-scripts/node_modules/jest-circus/build/utils.js:316:10)
    at _callCircusTest (/Users/escala/Codes/hackerRank/96afa4f0-5eea-4b83-9582-a71725d181c8/node_modules/react-scripts/node_modules/jest-circus/build/run.js:218:40)
    at processTicksAndRejections (internal/process/task_queues.js:95:5)
    at _runTest (/Users/escala/Codes/hackerRank/96afa4f0-5eea-4b83-9582-a71725d181c8/node_modules/react-scripts/node_modules/jest-circus/build/run.js:155:3)
    at _runTestsForDescribeBlock (/Users/escala/Codes/hackerRank/96afa4f0-5eea-4b83-9582-a71725d181c8/node_modules/react-scripts/node_modules/jest-circus/build/run.js:66:9)
    at _runTestsForDescribeBlock (/Users/escala/Codes/hackerRank/96afa4f0-5eea-4b83-9582-a71725d181c8/node_modules/react-scripts/node_modules/jest-circus/build/run.js:60:9)
    at run (/Users/escala/Codes/hackerRank/96afa4f0-5eea-4b83-9582-a71725d181c8/node_modules/react-scripts/node_modules/jest-circus/build/run.js:25:3)
    at runAndTransformResultsToJestFormat (/Users/escala/Codes/hackerRank/96afa4f0-5eea-4b83-9582-a71725d181c8/node_modules/react-scripts/node_modules/jest-circus/build/legacy-code-todo-rewrite/jestAdapterInit.js:170:21)
    at jestAdapter (/Users/escala/Codes/hackerRank/96afa4f0-5eea-4b83-9582-a71725d181c8/node_modules/react-scripts/node_modules/jest-circus/build/legacy-code-todo-rewrite/jestAdapter.js:82:19)
    at runTestInternal (/Users/escala/Codes/hackerRank/96afa4f0-5eea-4b83-9582-a71725d181c8/node_modules/react-scripts/node_modules/jest-runner/build/runTest.js:389:16)
    at runTest (/Users/escala/Codes/hackerRank/96afa4f0-5eea-4b83-9582-a71725d181c8/node_modules/react-scripts/node_modules/jest-runner/build/runTest.js:475:34)
    at TestRunner.runTests (/Users/escala/Codes/hackerRank/96afa4f0-5eea-4b83-9582-a71725d181c8/node_modules/react-scripts/node_modules/jest-runner/build/index.js:101:12)
    at TestScheduler.scheduleTests (/Users/escala/Codes/hackerRank/96afa4f0-5eea-4b83-9582-a71725d181c8/node_modules/react-scripts/node_modules/@jest/core/build/TestScheduler.js:333:13)
    at runJest (/Users/escala/Codes/hackerRank/96afa4f0-5eea-4b83-9582-a71725d181c8/node_modules/react-scripts/node_modules/@jest/core/build/runJest.js:404:19)
    at _run10000 (/Users/escala/Codes/hackerRank/96afa4f0-5eea-4b83-9582-a71725d181c8/node_modules/react-scripts/node_modules/@jest/core/build/cli/index.js:320:7)
    at runCLI (/Users/escala/Codes/hackerRank/96afa4f0-5eea-4b83-9582-a71725d181c8/node_modules/react-scripts/node_modules/@jest/core/build/cli/index.js:173:3)
    at Object.run (/Users/escala/Codes/hackerRank/96afa4f0-5eea-4b83-9582-a71725d181c8/node_modules/react-scripts/node_modules/jest-cli/build/cli/index.js:155:37)</failure>
    </testcase>
  </testsuite>
</testsuites>